../Core/Src/main.c:82:6:map	24	static
../Core/Src/main.c:97:5:main	16	static
../Core/Src/main.c:198:6:SystemClock_Config	88	static
../Core/Src/main.c:244:13:MX_ADC1_Init	24	static
../Core/Src/main.c:296:13:MX_I2C1_Init	8	static
../Core/Src/main.c:330:13:MX_I2S3_Init	8	static
../Core/Src/main.c:364:13:MX_SPI1_Init	8	static
../Core/Src/main.c:402:13:MX_TIM2_Init	64	static
../Core/Src/main.c:465:13:MX_TIM3_Init	32	static
../Core/Src/main.c:510:13:MX_GPIO_Init	56	static
../Core/Src/main.c:615:6:HAL_TIM_PulseFinishedCallback	16	static
../Core/Src/main.c:634:6:HAL_GPIO_EXTI_Callback	16	static
../Core/Src/main.c:649:6:Error_Handler	4	static,ignoring_inline_asm
